[13:05:24] [ServerMain/WARN]: Did not find udev library in operating system. Some features may not work.
[13:05:29] [ServerMain/INFO]: Environment: Environment[sessionHost=https://sessionserver.mojang.com, servicesHost=https://api.minecraftservices.com, profilesHost=https://api.mojang.com, name=PROD]
[13:05:31] [ServerMain/INFO]: Loaded 1585 recipes
[13:05:31] [ServerMain/INFO]: Loaded 1688 advancements
[13:05:31] [Server thread/INFO]: Starting minecraft server version 26.2
[13:05:31] [Server thread/INFO]: Loading properties
[13:05:31] [Server thread/INFO]: Default game type: SURVIVAL
[13:05:31] [Server thread/INFO]: Generating keypair
[13:05:31] [Server thread/INFO]: Starting Minecraft server on *:25565
[13:05:32] [Server thread/WARN]: **** SERVER IS RUNNING IN OFFLINE/INSECURE MODE!
[13:05:32] [Server thread/WARN]: The server will make no attempt to authenticate usernames. Beware.
[13:05:32] [Server thread/WARN]: While this makes the game possible to play without internet access, it also opens up the ability for hackers to connect with any username they choose.
[13:05:32] [Server thread/WARN]: To change this, set "online-mode" to "true" in the server.properties file.
[13:05:32] [Server thread/INFO]: Preparing level "world"
[13:05:32] [Server thread/INFO]: Loading 0 persistent chunks...
[13:05:32] [Server thread/INFO]: Preparing spawn area: 100%
[13:05:32] [Server thread/INFO]: Time elapsed: 17 ms
[13:05:32] [Server thread/INFO]: Done (0.393s)! For help, type "help"
[13:05:32] [Server thread/INFO]: Saving chunks for level 'ServerLevel[world]'/minecraft:overworld
[13:05:32] [Server thread/INFO]: Saving chunks for level 'ServerLevel[world]'/minecraft:the_nether
[13:05:32] [Server thread/INFO]: Saving chunks for level 'ServerLevel[world]'/minecraft:the_end
[13:05:32] [Server thread/INFO]: ThreadedAnvilChunkStorage (world): All chunks are saved
[13:05:32] [Server thread/INFO]: ThreadedAnvilChunkStorage (DIM-1): All chunks are saved
[13:05:32] [Server thread/INFO]: ThreadedAnvilChunkStorage (DIM1): All chunks are saved
[13:05:32] [Server thread/INFO]: ThreadedAnvilChunkStorage: All dimensions are saved
[13:06:32] [Server thread/INFO]: Server empty for 60 seconds, pausing
